
> test@0.0.0 test
> vitest run


[1m[46m RUN [49m[22m [36mv4.1.0 [39m[90mC:/Users/sarlo/OneDrive/Escritorio/Test.worktrees/copilot-worktree-2026-03-23T22-55-59[39m

 [32mÔ£ô[39m src/services/aiReportService.test.js [2m([22m[2m4 tests[22m[2m)[22m[32m 18[2mms[22m[39m
 [32mÔ£ô[39m src/TelemetryContext.test.jsx [2m([22m[2m8 tests[22m[2m)[22m[32m 112[2mms[22m[39m
 [32mÔ£ô[39m src/components/LiveTelemetryChart.test.jsx [2m([22m[2m3 tests[22m[2m)[22m[32m 151[2mms[22m[39m
 [31mÔØ»[39m src/Report.test.jsx [2m([22m[2m0 test[22m[2m)[22m
 [31mÔØ»[39m src/games/GamesSmoke.test.jsx [2m([22m[2m0 test[22m[2m)[22m
 [32mÔ£ô[39m src/games/BalloonGame.test.jsx [2m([22m[2m1 test[22m[2m)[22m[32m 204[2mms[22m[39m

ÔÄ»ÔÄ»ÔÄ»ÔÄ»ÔÄ»ÔÄ» Failed Suites 2 ÔÄ»ÔÄ»ÔÄ»ÔÄ»ÔÄ»ÔÄ»ÔÄ»

 FAIL  src/Report.test.jsx [ src/Report.test.jsx ]
TypeError: Signature "test(name, fn, { ... })" was deprecated in Vitest 3 and removed in Vitest 4. Please, provide options as a second argument instead.
 ÔØ» src/Report.test.jsx:58:3
     56|   });
     57|
     58|   it('renders report when data is available', async () => {
       |   ^
     59|     const mockSessionData = {
     60|       game1: { score: 100, errors: 5, duration: 60000 },

ÔÄ»ÔÄ»ÔÄ»ÔÄ»ÔÄ»ÔÄ»ÔÄ»ÔÄ»ÔÄ»ÔÄ»ÔÄ»ÔÄ»ÔÄ»ÔÄ»ÔÄ»ÔÄ»ÔÄ»ÔÄ»ÔÄ»ÔÄ»ÔÄ»ÔÄ»ÔÄ»ÔÄ»[1/2]ÔÄ»

 FAIL  src/games/GamesSmoke.test.jsx [ src/games/GamesSmoke.test.jsx ]
TypeError: Signature "test(name, fn, { ... })" was deprecated in Vitest 3 and removed in Vitest 4. Please, provide options as a second argument instead.
 ÔØ» src/games/GamesSmoke.test.jsx:100:17
     98|   });
     99|
    100|   it.each(GAMES)('renders %s in inactive state without crashing', (_naÔÇª
       |                 ^
    101|     const onEndGame = () => {};
    102|     const { unmount } = renderWithTelemetry(

ÔÄ»ÔÄ»ÔÄ»ÔÄ»ÔÄ»ÔÄ»ÔÄ»ÔÄ»ÔÄ»ÔÄ»ÔÄ»ÔÄ»ÔÄ»ÔÄ»ÔÄ»ÔÄ»ÔÄ»ÔÄ»ÔÄ»ÔÄ»ÔÄ»ÔÄ»ÔÄ»ÔÄ»[2/2]ÔÄ»


[2m Test Files [22m [1m[31m2 failed[39m[22m[2m | [22m[1m[32m4 passed[39m[22m[90m (6)[39m
[2m      Tests [22m [1m[32m16 passed[39m[22m[90m (16)[39m
[2m   Start at [22m 11:49:50
[2m   Duration [22m 4.26s[2m (transform 1.05s, setup 1.71s, import 1.83s, tests 485ms, environment 14.21s)[22m

