\BOOKMARK [1][-]{section.1}{\376\377\000R\000e\000s\000u\000m\000e\000n\000\040\000e\000j\000e\000c\000u\000t\000i\000v\000o}{}% 1
\BOOKMARK [1][-]{section.2}{\376\377\000F\000u\000e\000n\000t\000e\000s\000,\000\040\000t\000i\000p\000o\000\040\000d\000e\000\040\000c\000a\000m\000b\000i\000o\000\040\000y\000\040\000m\000e\000t\000o\000d\000o\000l\000o\000g\000\355\000a}{}% 2
\BOOKMARK [1][-]{section.3}{\376\377\000R\000a\000t\000e\000s\000\040\000y\000\040\000s\000u\000e\000l\000d\000o\000s\000\040\000c\000h\000i\000l\000e\000n\000o\000s\000\040\000u\000s\000a\000d\000o\000s}{}% 3
\BOOKMARK [1][-]{section.4}{\376\377\000T\000o\000t\000a\000l\000e\000s\000\040\000r\000e\000v\000i\000s\000a\000d\000o\000s\000\040\000p\000a\000r\000a\000\040\000C\000h\000i\000l\000e}{}% 4
\BOOKMARK [2][-]{subsection.4.1}{\376\377\000L\000e\000c\000t\000u\000r\000a\000\040\000p\000o\000r\000\040\000a\000l\000c\000a\000n\000c\000e}{section.4}% 5
\BOOKMARK [1][-]{section.5}{\376\377\000R\000e\000s\000u\000m\000e\000n\000\040\000p\000o\000r\000\040\000h\000i\000t\000o}{}% 6
\BOOKMARK [1][-]{section.6}{\376\377\000D\000e\000s\000g\000l\000o\000s\000e\000\040\000d\000e\000t\000a\000l\000l\000a\000d\000o\000\040\000p\000o\000r\000\040\000h\000i\000t\000o}{}% 7
\BOOKMARK [2][-]{subsection.6.1}{\376\377\000H\0001\000\040\040\024\000\040\000R\000e\000l\000e\000a\000s\000e\000\040\000c\000a\000n\000d\000i\000d\000a\000t\000e\000\040\000+\000\040\000s\000t\000a\000g\000i\000n\000g\000\040\000d\000e\000p\000l\000o\000y}{section.6}% 8
\BOOKMARK [2][-]{subsection.6.2}{\376\377\000H\0002\000\040\040\024\000\040\000C\000a\000n\000d\000i\000d\000a\000t\000e\000\040\000a\000s\000s\000e\000s\000s\000m\000e\000n\000t\000\040\000M\000V\000P\000\040\000f\000l\000o\000w}{section.6}% 9
\BOOKMARK [2][-]{subsection.6.3}{\376\377\000H\0003\000\040\040\024\000\040\000R\000e\000c\000r\000u\000i\000t\000e\000r\000\040\000p\000o\000r\000t\000a\000l\000\040\000+\000\040\000r\000e\000p\000o\000r\000t\000s\000/\000e\000x\000p\000o\000r\000t\000\040\000v\0001}{section.6}% 10
\BOOKMARK [2][-]{subsection.6.4}{\376\377\000H\0004\000\040\040\024\000\040\000P\000r\000i\000v\000a\000c\000y\000/\000c\000o\000m\000p\000l\000i\000a\000n\000c\000e\000/\000s\000e\000c\000u\000r\000i\000t\000y\000\040\000h\000a\000r\000d\000e\000n\000i\000n\000g}{section.6}% 11
\BOOKMARK [2][-]{subsection.6.5}{\376\377\000H\0005\000\040\040\024\000\040\000P\000i\000l\000o\000t\000\040\000i\000n\000s\000t\000r\000u\000m\000e\000n\000t\000a\000t\000i\000o\000n\000\040\000+\000\040\000b\000a\000s\000e\000l\000i\000n\000e\000\040\000c\000a\000l\000i\000b\000r\000a\000t\000i\000o\000n}{section.6}% 12
\BOOKMARK [2][-]{subsection.6.6}{\376\377\000H\0006\000\040\040\024\000\040\000P\000i\000l\000o\000t\000\040\000l\000a\000u\000n\000c\000h\000\040\000+\000\040\000c\000u\000s\000t\000o\000m\000e\000r\000\040\000o\000p\000e\000r\000a\000t\000i\000o\000n\000s}{section.6}% 13
\BOOKMARK [2][-]{subsection.6.7}{\376\377\000H\0007\000\040\040\024\000\040\000M\000V\000P\000\040\000p\000a\000c\000k\000a\000g\000i\000n\000g\000\040\000/\000\040\000p\000r\000i\000v\000a\000t\000e\000\040\000b\000e\000t\000a\000\040\000c\000o\000m\000e\000r\000c\000i\000a\000l}{section.6}% 14
\BOOKMARK [1][-]{section.7}{\376\377\000O\000p\000e\000r\000a\000c\000i\000\363\000n\000\040\000m\000e\000n\000s\000u\000a\000l\000\040\000c\000h\000i\000l\000e\000n\000a\000\040\000r\000e\000v\000i\000s\000a\000d\000a}{}% 15
\BOOKMARK [1][-]{section.8}{\376\377\000R\000e\000c\000o\000m\000e\000n\000d\000a\000c\000i\000\363\000n\000\040\000p\000a\000r\000a\000\040\000C\000h\000i\000l\000e}{}% 16
\BOOKMARK [2][-]{subsection.8.1}{\376\377\000D\000e\000m\000o\000/\000s\000t\000a\000g\000i\000n\000g\000\040\000s\000e\000r\000i\000o}{section.8}% 17
\BOOKMARK [2][-]{subsection.8.2}{\376\377\000P\000i\000l\000o\000t\000o\000\040\000r\000e\000a\000l\000\040\000c\000o\000n\000\040\000c\000a\000n\000d\000i\000d\000a\000t\000o\000s\000\040\000c\000h\000i\000l\000e\000n\000o\000s}{section.8}% 18
\BOOKMARK [2][-]{subsection.8.3}{\376\377\000P\000r\000i\000v\000a\000t\000e\000\040\000b\000e\000t\000a\000\040\000c\000o\000m\000e\000r\000c\000i\000a\000l\000\040\000v\000e\000n\000d\000i\000b\000l\000e}{section.8}% 19
\BOOKMARK [1][-]{section.9}{\376\377\000P\000a\000r\000t\000i\000d\000a\000s\000\040\000q\000u\000e\000\040\000s\000\355\000\040\000s\000e\000\040\000p\000u\000e\000d\000e\000n\000\040\000c\000o\000m\000p\000r\000i\000m\000i\000r\000\040\000e\000n\000\040\000C\000h\000i\000l\000e}{}% 20
\BOOKMARK [1][-]{section.10}{\376\377\000P\000a\000r\000t\000i\000d\000a\000s\000\040\000q\000u\000e\000\040\000n\000o\000\040\000c\000o\000n\000v\000i\000e\000n\000e\000\040\000r\000e\000c\000o\000r\000t\000a\000r}{}% 21
\BOOKMARK [1][-]{section.11}{\376\377\000C\000o\000n\000c\000l\000u\000s\000i\000\363\000n}{}% 22
